
Running 1 test using 1 worker

[1A[2K[1/1] [chromium] ΓÇ║ tests\smoke.spec.ts:5:5 ΓÇ║ Smoke Tests - Navigation and Errors ΓÇ║ should navigate to / without console errors

[1A[2K[WebServer] DEPRECATION WARNING [strict-unary]: This operation is parsed as:
[WebServer] 
[WebServer]     ($i - 1) / 3 + 1
[WebServer] 
[WebServer] but you may have intended it to mean:
[WebServer] 
[WebServer]     ($i - 1) / 3 (+1)
[WebServer] 
[WebServer] Add a space after + to clarify that it's meant to be a binary operation, or wrap
[WebServer] it in parentheses to make it a unary operation. This will be an error in future
[WebServer] versions of Sass.
[WebServer] 
[WebServer] More info and automated migrator: https://sass-lang.com/d/strict-unary
[WebServer] 
[WebServer]     Γò╖
[WebServer] 139 Γöé     $row: floor(($i - 1) / 3 +1);
[WebServer]     Γöé                 ^^^^^^^^^^^^^^^
[WebServer]     Γò╡
[WebServer]     src\pages\home\Home.scss 139:17  root stylesheet
[WebServer] 
[1A[2K[WebServer] DEPRECATION WARNING [strict-unary]: This operation is parsed as:
[WebServer] 
[WebServer]     ($i - 1) % 3 + 1
[WebServer] 
[WebServer] but you may have intended it to mean:
[WebServer] 
[WebServer]     ($i - 1) % 3 (+1)
[WebServer] 
[WebServer] Add a space after + to clarify that it's meant to be a binary operation, or wrap
[WebServer] it in parentheses to make it a unary operation. This will be an error in future
[WebServer] versions of Sass.
[WebServer] 
[WebServer] More info and automated migrator: https://sass-lang.com/d/strict-unary
[WebServer] 
[WebServer]     Γò╖
[WebServer] 140 Γöé     $col: ($i - 1) % 3 +1;
[WebServer]     Γöé           ^^^^^^^^^^^^^^^
[WebServer]     Γò╡
[WebServer]     src\pages\home\Home.scss 140:11  root stylesheet
[WebServer] 


[1A[2K[WebServer] DEPRECATION WARNING [slash-div]: Using / for division outside of calc() is deprecated and will be removed in Dart Sass 2.0.0.
[WebServer] 
[WebServer] Recommendation: math.div($i - 1, 3) or calc(($i - 1) / 3)
[WebServer] 
[WebServer] More info and automated migrator: https://sass-lang.com/d/slash-div
[WebServer] 
[WebServer]     Γò╖
[WebServer] 139 Γöé     $row: floor(($i - 1) / 3 +1);
[WebServer]     Γöé                 ^^^^^^^^^^^^
[WebServer]     Γò╡
[WebServer]     src\pages\home\Home.scss 139:17  root stylesheet
[WebServer] 
[1A[2K[WebServer] DEPRECATION WARNING [global-builtin]: Global built-in functions are deprecated and will be removed in Dart Sass 3.0.0.
[WebServer] Use math.floor instead.
[WebServer] 
[WebServer] More info and automated migrator: https://sass-lang.com/d/import
[WebServer] 
[WebServer]     Γò╖
[WebServer] 139 Γöé     $row: floor(($i - 1) / 3 +1);
[WebServer]     Γöé           ^^^^^^^^^^^^^^^^^^^^^^
[WebServer]     Γò╡
[WebServer]     src\pages\home\Home.scss 139:11  root stylesheet
[WebServer] 


[1A[2K[WebServer] DEPRECATION WARNING [global-builtin]: Global built-in functions are deprecated and will be removed in Dart Sass 3.0.0.
[WebServer] Use list.set-nth instead.
[WebServer] 
[WebServer] More info and automated migrator: https://sass-lang.com/d/import
[WebServer] 
[WebServer]     Γò╖
[WebServer] 142 Γöé     $rows: set-nth($arr, $row, 2fr);
[WebServer]     Γöé            ^^^^^^^^^^^^^^^^^^^^^^^^
[WebServer]     Γò╡
[WebServer]     src\pages\home\Home.scss 142:12  root stylesheet
[WebServer] 

[1A[2K[WebServer] DEPRECATION WARNING [global-builtin]: Global built-in functions are deprecated and will be removed in Dart Sass 3.0.0.
[WebServer] Use list.set-nth instead.
[WebServer] 
[WebServer] More info and automated migrator: https://sass-lang.com/d/import
[WebServer] 
[WebServer]     Γò╖
[WebServer] 143 Γöé     $cols: set-nth($arr, $col, 2fr);
[WebServer]     Γöé            ^^^^^^^^^^^^^^^^^^^^^^^^
[WebServer]     Γò╡
[WebServer]     src\pages\home\Home.scss 143:12  root stylesheet
[WebServer] 
[1A[2K  1) [chromium] ΓÇ║ tests\smoke.spec.ts:5:5 ΓÇ║ Smoke Tests - Navigation and Errors ΓÇ║ should navigate to / without console errors 

    Error: Found console errors during navigation:
    Failed to load resource: the server responded with a status of 403 ()

    [2mexpect([22m[31mreceived[39m[2m).[22mtoEqual[2m([22m[32mexpected[39m[2m) // deep equality[22m

    [32m- Expected  - 1[39m
    [31m+ Received  + 3[39m

    [32m- Array [][39m
    [31m+ Array [[39m
    [31m+   "Failed to load resource: the server responded with a status of 403 ()",[39m
    [31m+ ][39m

      45 |         errors,
      46 |         `Found console errors during navigation:\n${errors.join("\n")}`,
    > 47 |       ).toEqual([]);
         |         ^
      48 |     });
      49 |   });
      50 | });
        at C:\react-app-25\tests\smoke.spec.ts:47:9

    Error Context: test-results\smoke-Smoke-Tests---Naviga-a38f5-e-to-without-console-errors-chromium\error-context.md


[1A[2K  1 failed
    [chromium] ΓÇ║ tests\smoke.spec.ts:5:5 ΓÇ║ Smoke Tests - Navigation and Errors ΓÇ║ should navigate to / without console errors 

[36m  Serving HTML report at http://localhost:9323. Press Ctrl+C to quit.[39m
